{"level":"info","message":"Server running on http://localhost:3000","timestamp":"2026-07-30 08:08:39"}
{"level":"info","message":"Test Suite: Public Profile Tests","timestamp":"2026-07-30 08:09:33"}
{"level":"error","message":"Return reader public profile","timestamp":"2026-07-30 08:09:34"}
{"level":"error","message":"Return author public profile","timestamp":"2026-07-30 08:09:34"}
{"level":"error","message":"Return 404 for non-existent user","timestamp":"2026-07-30 08:09:34"}
{"level":"error","message":"Return 404 for invalid id","timestamp":"2026-07-30 08:09:34"}
{"level":"info","message":"Test Summary: 0/4 passed, 4 failed","timestamp":"2026-07-30 08:09:34"}
{"level":"info","message":"Server running on http://localhost:3000","timestamp":"2026-07-30 16:16:59"}
{"level":"info","message":"Test Suite: Public Profile Tests","timestamp":"2026-07-30 16:17:49"}
{"level":"error","message":"Return reader public profile","timestamp":"2026-07-30 16:17:50"}
{"level":"error","message":"Return author public profile","timestamp":"2026-07-30 16:17:50"}
{"level":"error","message":"Return 404 for non-existent user","timestamp":"2026-07-30 16:17:50"}
{"level":"error","message":"Return 404 for invalid id","timestamp":"2026-07-30 16:17:50"}
{"level":"info","message":"Test Summary: 0/4 passed, 4 failed","timestamp":"2026-07-30 16:17:50"}
{"level":"info","message":"Test Suite: Public Profile Tests","timestamp":"2026-07-30 16:26:26"}
{"level":"info","message":"Return reader public profile","status":200,"timestamp":"2026-07-30 16:26:27"}
{"level":"info","message":"Return author public profile","status":200,"timestamp":"2026-07-30 16:26:27"}
{"level":"error","message":"Return 404 for non-existent user","timestamp":"2026-07-30 16:26:27"}
{"level":"error","message":"Return 404 for invalid id","timestamp":"2026-07-30 16:26:27"}
{"level":"info","message":"Test Summary: 2/4 passed, 2 failed","timestamp":"2026-07-30 16:26:27"}
{"level":"info","message":"Test Suite: Public Profile Tests","timestamp":"2026-07-30 16:33:33"}
{"level":"info","message":"Return reader public profile","status":200,"timestamp":"2026-07-30 16:33:34"}
{"level":"info","message":"Return author public profile","status":200,"timestamp":"2026-07-30 16:33:34"}
{"level":"info","message":"Return 404 for non-existent user","status":404,"timestamp":"2026-07-30 16:33:34"}
{"level":"info","message":"Return 400 for invalid id","status":400,"timestamp":"2026-07-30 16:33:34"}
{"level":"info","message":"Test Summary: 4/4 passed, 0 failed","timestamp":"2026-07-30 16:33:34"}
