{"level":"info","message":"[TEST SUITE] ===== Registration Tests =====","timestamp":"2026-07-27 15:58:19"}
{"level":"info","message":"[TEST PASS] Register new user","status":201,"timestamp":"2026-07-27 15:58:20"}
{"level":"info","message":"[TEST PASS] Reject duplicate email","status":409,"timestamp":"2026-07-27 15:58:20"}
{"level":"info","message":"[TEST PASS] Reject invalid email format","status":400,"timestamp":"2026-07-27 15:58:20"}
{"level":"info","message":"[TEST PASS] Reject weak password","status":400,"timestamp":"2026-07-27 15:58:20"}
{"level":"info","message":"[TEST PASS] Reject empty input","status":400,"timestamp":"2026-07-27 15:58:20"}
{"level":"info","message":"[TEST SUMMARY] 5/5 passed, 0 failed","timestamp":"2026-07-27 15:58:20"}
{"level":"info","message":"[CLEANUP] Deleted 1 test users","timestamp":"2026-07-27 15:58:20"}
{"level":"info","message":"[TEST SUITE] ===== Login Tests =====","timestamp":"2026-07-27 15:58:21"}
{"level":"info","message":"[TEST PASS] Fail login - email not verified","status":403,"timestamp":"2026-07-27 15:58:22"}
{"level":"info","message":"[TEST PASS] Fail login - wrong password","status":401,"timestamp":"2026-07-27 15:58:22"}
{"level":"info","message":"[TEST PASS] Fail login - user not found","status":401,"timestamp":"2026-07-27 15:58:22"}
{"level":"info","message":"[TEST PASS] Fail login - empty input","status":400,"timestamp":"2026-07-27 15:58:22"}
{"level":"info","message":"[TEST SUMMARY] 4/4 passed, 0 failed","timestamp":"2026-07-27 15:58:22"}
{"level":"info","message":"[CLEANUP] Deleted 1 test users","timestamp":"2026-07-27 15:58:22"}
{"level":"info","message":"[TEST SUITE] ===== Protected Routes Tests =====","timestamp":"2026-07-27 15:58:23"}
{"level":"info","message":"[TEST PASS] Reject /me without token","status":401,"timestamp":"2026-07-27 15:58:23"}
{"level":"info","message":"[TEST PASS] Reject /me with invalid token","status":401,"timestamp":"2026-07-27 15:58:23"}
{"level":"info","message":"[TEST PASS] Reject /me with expired/invalid token","status":401,"timestamp":"2026-07-27 15:58:23"}
{"level":"info","message":"[TEST SUMMARY] 3/3 passed, 0 failed","timestamp":"2026-07-27 15:58:23"}
{"level":"info","message":"[TEST SUITE] ===== Internationalization Tests =====","timestamp":"2026-07-27 15:58:24"}
{"level":"info","message":"[TEST PASS] Traditional Chinese message 該郵箱已被註冊","timestamp":"2026-07-27 15:58:24"}
{"level":"info","message":"[TEST PASS] English message This email is already registered","timestamp":"2026-07-27 15:58:25"}
{"level":"info","message":"[TEST PASS] Simplified Chinese default 该邮箱已被注册","timestamp":"2026-07-27 15:58:26"}
{"level":"info","message":"[TEST SUMMARY] 3/3 passed, 0 failed","timestamp":"2026-07-27 15:58:26"}
{"level":"info","message":"[CLEANUP] Deleted 3 test users","timestamp":"2026-07-27 15:58:26"}
